
  [1;33mWarning number 27[0m
  [36m/.../fixtures/highlighting4.re[0m [2m3:12[0m
  
  1 [2mâ”‚[0m 
  2 [2mâ”‚[0m /* single char highlighted */
  [1;33m3[0m [2mâ”‚[0m let asd = {[1;33m}[0m
  
  unused variable this.

  [1;31mWe've found a bug for you![0m
  [36m/.../fixtures/highlighting4.re[0m
  
  CamlinternalOO.cmj not found, it means either the module does not exist or it is a namespace