
  [1;31mWe've found a bug for you![0m
  [36m/.../fixtures/highlighting3.re[0m [2m2:14-4:16[0m
  
  1 [2mâ”‚[0m 
  [1;31m2[0m [2mâ”‚[0m let a: int = [1;31m"helllllll[0m
  [1;31m3[0m [2mâ”‚[0m 
  [1;31m4[0m [2mâ”‚[0m [1;31mloooooooooooooo"[0m;
  
  This has type:
    [1;31mstring[0m
  But somewhere wanted:
    [1;33mint[0m