
  [1;31mWe've found a bug for you![0m
  [36m/.../fixtures/highlighting5.re[0m [2m2:14-100[0m
  
  1 [2mâ”‚[0m /* overflows in the terminal */
  [1;31m2[0m [2mâ”‚[0m let a: int = [1;31m"helllllllllllllllllllllllllllllllllllllllllllllllllllllll
      llllllllllllllllllllllllllll"[0m;
  3 [2mâ”‚[0m /*
  4 [2mâ”‚[0m File "/[elided]/formatting_highlighting_case5.re", line 2, characters 1
      3-100:
  
  This has type:
    [1;31mstring[0m
  But somewhere wanted:
    [1;33mint[0m