
  [1;31mWe've found a bug for you![0m
  [36m/.../fixtures/type4.re[0m [2m1:14-3:16[0m
  
  [1;31m1[0m [2mâ”‚[0m let a: int = [1;31m"helllllll[0m
  [1;31m2[0m [2mâ”‚[0m 
  [1;31m3[0m [2mâ”‚[0m [1;31mloooooooooooooo"[0m;
  
  This has type:
    [1;31mstring[0m
  But somewhere wanted:
    [1;33mint[0m