
  [1;31mWe've found a bug for you![0m
  [36m/.../fixtures/type3.re[0m [2m2:36-4:25[0m
  
  1 [2mâ”†[0m 
  [1;31m2[0m [2mâ”†[0m let a: int = [1;31m"hel[0m
  [1;31m3[0m [2mâ”†[0m 
  [1;31m4[0m [2mâ”†[0m [1;31mlo"[0m;
  
  This has type:
    [1;31mstring[0m
  But somewhere wanted:
    [1;33mint[0m